["77.888.888.7"]